urls_downloaded_cb({"token": "gobject.object.ref", "urls": [{"url": "gtktextbuffer-h.html#gtk_text_buffer_delete_mark", "context": {"gi-language": ["csharp"]}}, {"url": "gtkwidget-h.html#page-description", "context": {"gi-language": ["default"]}}, {"url": "gtkcontainer-h.html#gtk_container_remove", "context": {"gi-language": ["csharp"]}}]});