urls_downloaded_cb({"token": "gobject.object.ref", "urls": [{"url": "gtkaboutdialog-h.html#gtk_about_dialog_get_logo", "context": {"gi-language": ["python"]}}, {"url": "gtktextbuffer-h.html#gtk_text_buffer_delete_mark", "context": {"gi-language": ["python"]}}, {"url": "gtktextview-h.html#gtk_text_child_anchor_get_deleted", "context": {"gi-language": ["python"]}}, {"url": "gtkwidget-h.html#page-description", "context": {"gi-language": ["default"]}}, {"url": "gtkcontainer-h.html#gtk_container_remove", "context": {"gi-language": ["python"]}}]});