urls_downloaded_cb({"token": "GObject.Object.ref", "urls": [{"url": "gtkaboutdialog.html#gtk_about_dialog_get_logo", "context": {"gi-language": ["python"]}}, {"url": "gtktextbuffer.html#gtk_text_buffer_delete_mark", "context": {"gi-language": ["python"]}}, {"url": "gtktextview.html#gtk_text_child_anchor_get_deleted", "context": {"gi-language": ["python"]}}, {"url": "gtkwidget.html#gtk_widget_destroy", "context": {"gi-language": ["python"]}}, {"url": "gtkcontainer.html#gtk_container_remove", "context": {"gi-language": ["python"]}}]});