urls_downloaded_cb({"token": "Gtk.prototype.ref", "urls": [{"url": "gtkwidgetpath.html#gtk_widget_path_ref", "context": {"gi-language": ["javascript"]}}, {"url": "gtkcssprovider.html#gtk_css_section_ref", "context": {"gi-language": ["javascript"]}}, {"url": "gtkselection.html#gtk_target_list_ref", "context": {"gi-language": ["javascript"]}}, {"url": "gtkrecentmanager.html#gtk_recent_info_ref", "context": {"gi-language": ["javascript"]}}]});